>>> BaseGeometry = __import__('7-base_geometry').BaseGeometry
>>> bg = BaseGeometry()

# Test area()
>>> bg.area()
Traceback (most recent call last):
Exception: area() is not implemented

# Test integer_validator avec une valeur valide
>>> bg.integer_validator("width", 5)

# Test integer_validator avec un type invalide
>>> bg.integer_validator("width", "5")
Traceback (most recent call last):
TypeError: width must be an integer

# Test integer_validator avec une valeur nulle
>>> bg.integer_validator("width", 0)
Traceback (most recent call last):
ValueError: width must be greater than 0

# Test integer_validator avec une valeur nÃ©gative
>>> bg.integer_validator("height", -3)
Traceback (most recent call last):
ValueError: height must be greater than 0
